2025-10-25 10:08:07.393 14165-14165 lowmemorykiller         pid-14165                            I  lmkd updated properties successfully
2025-10-25 10:08:07.394   218-218   lowmemorykiller         lmkd                                 I  lmkd data connection dropped
2025-10-25 10:08:07.394   218-218   lowmemorykiller         lmkd                                 I  closing lmkd data connection
2025-10-25 10:08:07.396 11999-12642 AiAiAutofill            com.google.android.as                I  Connected AiAiAugmentedAutofillService.
2025-10-25 10:08:07.418 11234-14152 SettingsTo...tiesMapper system_server                        E  key=persist.device_config.configuration.AdbWritableFlags__adb_writable_flags_list value=adservices/disable_sdk_sandbox,adservices/enforce_broadcast_receiver_restrictions,adservices/fledge_ad_selection_enforce_foreground_status_custom_audience,adservices/fledge_custom_audience_max_count,adservices/fledge_custom_audience_max_num_ads,adservices/fledge_custom_audience_max_owner_count,adservices/fledge_custom_audience_per_app_max_count,adservices/fledge_js_isolate_enforce_max_heap_size,adservices/fledge_js_isolate_max_heap_size_bytes,adservices/sdk_request_permits_per_second,adservices/sdksandbox_customized_sdk_context_enabled,configuration/namespace_to_package_mapping,constrain_display_apis/always_constrain_display_apis,constrain_display_apis/never_constrain_display_apis,constrain_display_apis/never_constrain_display_apis_all_packages,device_policy_manager/disable_resources_updatability,flipendo/default_savings_mode_launch,flipendo/essential_apps,flipendo/flipendo_enabled_launch,flipendo/grayscale_enabled_launch,flipendo/lever_ble_scanning_enabled_launch,flipendo/lever_hotspot_enabled_launch,flipendo/lever_work_profile_enabled_launch,flipendo/resuspend_delay_minutes,namespace/key,namespace1/key1,namespace1/key2,namespace2/key1,namespace2/key2,package_manager_service/incfs_default_timeouts,package_manager_service/known_digesters_list,privacy/location_access_check_periodic_interval_millis,rollback/enable_rollback_timeout,rollback/watchdog_explicit_health_check_enabled,rollback/watchdog_request_timeout_millis,rollback/watchdog_trigger_failure_count,rollback/watchdog_trigger_failure_duration_millis,rollback_boot/rollback_lifetime_in_millis,systemui/nas_generate_actions,systemui/nas_generate_replies,systemui/nas_max_messages_to_extract,systemui/nas_max_suggestions,testspace/another,testspace/flagname,textclassifier/config_updater_model_enabled,textclassifier/key,textclassifier/key2,textclassifier/manifest_url_annotator_en,textclassifier/manifest_url_annotator_ru,textclassifier/model_download_backoff_delay_in_millis,textclassifier/model_download_manager_enabled,textclassifier/multi_language_support_enabled,textclassifier/testing_locale_list_override,textclassifier/textclassifier_service_package_override,window_manager/enable_default_rescind_bal_privileges_from_pending_intent_sender,wrong/nas_generate_replies, exceeds system property max length.
2025-10-25 10:08:07.431 11710-12917 PlatformConfigurator    com.google.android.gms.persistent    I  updateFromConfigurations using legacy put method [CONTEXT service_id=204 ]
2025-10-25 10:08:07.451 11234-11234 SelinuxAuditLogs        system_server                        D  SelinuxAuditLogsService scheduled successfully.
2025-10-25 10:08:07.459 11461-11461 Navigation...Controller com.android.systemui                 D  getCurrentUserContext: contextUser=0 currentUser=0
2025-10-25 10:08:07.459 11234-11234 AppHibernationService   system_server                        D  App hibernation changed to enabled=true
2025-10-25 10:08:07.491 11234-11234 DeviceConfig            system_server                        E  Parsing int failed for location_mode
2025-10-25 10:08:07.563 11710-11710 BoundBrokerSvc          com.google.android.gms.persistent    D  onUnbind: Intent { act=com.google.android.gms.common.telemetry.service.START dat=chimera-action:/... xflg=0x4 cmp=com.google.android.gms/.chimera.PersistentApiService }
2025-10-25 10:08:07.831 11234-11244 system_server           system_server                        I  Background concurrent mark compact GC freed 22MB AllocSpace bytes, 105(2136KB) LOS objects, 41% free, 33MB/57MB, paused 1.565ms,6.361ms total 329.210ms
2025-10-25 10:08:07.999 12321-12321 BoundBrokerSvc          com.google.android.gms               D  onUnbind: Intent { act=com.google.android.gms.identitycredentials.service.START dat=chimera-action:/... xflg=0x4 cmp=com.google.android.gms/.chimera.GmsApiService }
2025-10-25 10:08:08.176 12321-12321 BoundBrokerSvc          com.google.android.gms               D  onUnbind: Intent { act=com.google.android.gms.auth.key.retrieval.service.START dat=chimera-action:/... xflg=0x4 cmp=com.google.android.gms/.chimera.GmsApiService }
2025-10-25 10:08:08.176 12321-12321 BoundBrokerSvc          com.google.android.gms               D  onUnbind: Intent { act=com.google.android.gms.credential.manager.service.firstparty.START dat=chimera-action:/... xflg=0x4 cmp=com.google.android.gms/.chimera.GmsApiService }
2025-10-25 10:08:08.177 12321-12321 BoundBrokerSvc          com.google.android.gms               D  onUnbind: Intent { act=com.google.android.mobstore.service.START xflg=0x4 pkg=com.google.android.gms }
2025-10-25 10:08:08.288 11234-11373 InetDiagMessage         system_server                        D  Destroyed 0 sockets, proto=IPPROTO_TCP, family=AF_INET, states=14
2025-10-25 10:08:08.288 11234-11373 InetDiagMessage         system_server                        D  Destroyed 0 sockets, proto=IPPROTO_TCP, family=AF_INET6, states=14
2025-10-25 10:08:08.288 11234-11373 InetDiagMessage         system_server                        D  Destroyed live tcp sockets for uids={10150} in 2ms
2025-10-25 10:08:08.288 11234-11373 InetDiagMessage         system_server                        D  Destroyed 0 sockets, proto=IPPROTO_TCP, family=AF_INET, states=14
2025-10-25 10:08:08.288 11234-11373 InetDiagMessage         system_server                        D  Destroyed 0 sockets, proto=IPPROTO_TCP, family=AF_INET6, states=14
2025-10-25 10:08:08.289 11234-11373 InetDiagMessage         system_server                        D  Destroyed live tcp sockets for uids={20150} in 0ms
2025-10-25 10:08:08.348 13719-13869 ClearcutMetricXmitter   com.google.android.partnersetup      V  Transmission is done.
2025-10-25 10:08:08.506 11234-11325 ActivityManager         system_server                        D  freezing 13393 com.google.android.webview:webview_apk
2025-10-25 10:08:08.507 11234-11325 ActivityManager         system_server                        D  freezing 13254 com.google.android.webview:webview_service
2025-10-25 10:08:08.521 11234-11373 InetDiagMessage         system_server                        D  Destroyed 0 sockets, proto=IPPROTO_TCP, family=AF_INET, states=14
2025-10-25 10:08:08.521 11234-11373 InetDiagMessage         system_server                        D  Destroyed 0 sockets, proto=IPPROTO_TCP, family=AF_INET6, states=14
2025-10-25 10:08:08.521 11234-11373 InetDiagMessage         system_server                        D  Destroyed live tcp sockets for uids={10201} in 1ms
2025-10-25 10:08:08.522 11234-11373 InetDiagMessage         system_server                        D  Destroyed 0 sockets, proto=IPPROTO_TCP, family=AF_INET, states=14
2025-10-25 10:08:08.522 11234-11373 InetDiagMessage         system_server                        D  Destroyed 0 sockets, proto=IPPROTO_TCP, family=AF_INET6, states=14
2025-10-25 10:08:08.522 11234-11373 InetDiagMessage         system_server                        D  Destroyed live tcp sockets for uids={20201} in 0ms
2025-10-25 10:08:08.540 11234-11373 InetDiagMessage         system_server                        D  Destroyed 0 sockets, proto=IPPROTO_TCP, family=AF_INET, states=14
2025-10-25 10:08:08.541 11234-11373 InetDiagMessage         system_server                        D  Destroyed 0 sockets, proto=IPPROTO_TCP, family=AF_INET6, states=14
2025-10-25 10:08:08.541 11234-11373 InetDiagMessage         system_server                        D  Destroyed live tcp sockets for uids={10167} in 0ms
2025-10-25 10:08:08.856 11710-11710 BoundBrokerSvc          com.google.android.gms.persistent    D  onUnbind: Intent { act=com.google.android.contextmanager.service.ContextManagerService.START xflg=0x4 pkg=com.google.android.gms }
2025-10-25 10:08:09.255 11710-11781 NearbyUWB               com.google.android.gms.persistent    I  (REDACTED) Client %s (%s) disconnecting %s
2025-10-25 10:08:09.256 11710-13506 NearbyUWB               com.google.android.gms.persistent    I  stop ranging called. [CONTEXT service_id=49 ]
2025-10-25 10:08:09.256 11710-11799 NearbyUWB               com.google.android.gms.persistent    I  (REDACTED) User opted in for analytics reporting: %s.
2025-10-25 10:08:09.257 11710-11799 NearbyUWB               com.google.android.gms.persistent    I  AnalyticsLogger is shutdown. [CONTEXT service_id=49 ]
2025-10-25 10:08:09.364 12939-13184 Bugle                   com.google.android.apps.messaging    I  BugleStartup: Registering SIM change receiver...
2025-10-25 10:08:09.366 12939-13184 Bugle                   com.google.android.apps.messaging    I  BugleStartup: Updating app config...
2025-10-25 10:08:09.367 12939-13184 Bugle                   com.google.android.apps.messaging    I  BugleStartup: Done with SIM change receiver & app config.
2025-10-25 10:08:09.367 12939-13184 Bugle                   com.google.android.apps.messaging    I  BugleStartup: Handling shared prefs upgrade & Load MMS Configuration...
2025-10-25 10:08:09.383 12939-13080 BugleRcsEngine          com.google.android.apps.messaging    I  Unexpected action: android.intent.action.SIM_STATE_CHANGED [CONTEXT log_prefix="(Sim)" thread_id=52 ]
2025-10-25 10:08:09.383 12939-13267 Bugle                   com.google.android.apps.messaging    I  BugleStartup: Initializing RCS availability...
2025-10-25 10:08:09.383 12939-14177 BugleRcsEngine          com.google.android.apps.messaging    I  do not delay first event [CONTEXT thread_id=91 ]
2025-10-25 10:08:09.384 12939-13267 Bugle                   com.google.android.apps.messaging    I  BugleStartup: Done with RCS availability.
2025-10-25 10:08:09.384 12939-13267 Bugle                   com.google.android.apps.messaging    I  BugleStartup: Done initializing with enabled individual init failures.
2025-10-25 10:08:09.385 12939-13184 BugleDataModel          com.google.android.apps.messaging    I  Scheduling country code detector action, because a subscription changed its state.
2025-10-25 10:08:09.386 12939-13184 BugleDataModel          com.google.android.apps.messaging    I  Scheduling self participants refresh action, because a subscription changed its state.
2025-10-25 10:08:09.387 12939-13238 RcsProvisioningFlow     com.google.android.apps.messaging    I  Received intent action: android.intent.action.SIM_STATE_CHANGED with extra SIM_STATE: LOADED
2025-10-25 10:08:09.387 12939-13238 RcsProvisioningFlow     com.google.android.apps.messaging    I  Sending sim state update work request to scheduler due to LOADED.
2025-10-25 10:08:09.387 12939-14177 BugleRcsEngine          com.google.android.apps.messaging    I  Processing an intent [CONTEXT log_prefix="(Sim)" thread_id=91 ]
2025-10-25 10:08:09.389 12939-14177 BugleRcsEngine          com.google.android.apps.messaging    I  SIM state LOADED [CONTEXT log_prefix="(Sim)" thread_id=91 ]
2025-10-25 10:08:09.392 12939-13183 .apps.messaging         com.google.android.apps.messaging    I  AssetManager2(0xb400007a5a1aa418) locale list changing from [] to [en-US]
2025-10-25 10:08:09.394 12939-13183 Bugle                   com.google.android.apps.messaging    W  BuglePhoneNumberUtils: canonicalizeMccMnc: invalid mccmnc. mcc: null, mnc: null
2025-10-25 10:08:09.399 12939-14177 BugleRcsEngine          com.google.android.apps.messaging    I  SIM changed: false. current id: redacted-pii:sim_id[chars:20,last3:897]; stored id: redacted-pii:sim_id[chars:20,last3:897]; isFiDevice: false; subId: 1; slotIndex: 0 [CONTEXT log_prefix="(Sim)" thread_id=91 ]
2025-10-25 10:08:09.403 12939-13105 RcsProvisioningFlow     com.google.android.apps.messaging    I  Beginning update task for phone SIMs state scheduledAt: 2025-10-25T14:08:09.390Z
2025-10-25 10:08:09.404 12939-13238 RcsProvisioningFlow     com.google.android.apps.messaging    I  Scheduling 3 using PWQ with updateTrigger: 6, scheduledAt: 2025-10-25T14:08:09.390Z, initialDelaySeconds: 0.
2025-10-25 10:08:09.407 12939-13105 RcsProvisioningFlow     com.google.android.apps.messaging    I  Lock acquired for updatng phone SIMs state with update trigger: 1.
2025-10-25 10:08:09.409 12939-13105 BugleSimStateTracker    com.google.android.apps.messaging    I  Looking up Fi through package names.
2025-10-25 10:08:09.415 12939-13238 Bugle                   com.google.android.apps.messaging    I  BroadcastReceiverAsyncWorkTracker: Acknowledging broadcast of crea@38c8b29
2025-10-25 10:08:09.415 12939-13105 BugleSimStateTracker    com.google.android.apps.messaging    I  default call SIM: redacted-pii:sim_id[chars:20,last3:897], default sms SIM redacted-pii:sim_id[chars:20,last3:897]. default data SIM redacted-pii:sim_id[chars:20,last3:897].
2025-10-25 10:08:09.420 12939-13105 BugleSimStateTracker    com.google.android.apps.messaging    I  Is carrier config for identified carrier: true
2025-10-25 10:08:09.422 12939-13184 BugleJobs               com.google.android.apps.messaging    I  Starts to observe table change.
2025-10-25 10:08:09.423 12939-13077 WM-GreedyScheduler      com.google.android.apps.messaging    D  Ignoring {WorkSpec: 26863b73-1383-4214-8a0d-0b7c4aa7161c}. Requires device idle.
2025-10-25 10:08:09.423 12939-13077 WM-GreedyScheduler      com.google.android.apps.messaging    D  Ignoring {WorkSpec: 36209197-4519-47b1-ad23-f84efc6c7250}. Requires device idle.
2025-10-25 10:08:09.423 12939-13077 WM-GreedyScheduler      com.google.android.apps.messaging    D  Ignoring {WorkSpec: 9066a084-2879-49d1-a38f-6d95cd14db87}. Requires device idle.
2025-10-25 10:08:09.423 12939-13077 WM-GreedyScheduler      com.google.android.apps.messaging    D  Ignoring {WorkSpec: 4ba511f9-2081-438a-9b63-5137bee3bb41}. Requires device idle.
2025-10-25 10:08:09.423 12939-13077 WM-GreedyScheduler      com.google.android.apps.messaging    D  Starting work for a8767df1-a43f-486c-bccf-9ca1bac6895c
2025-10-25 10:08:09.423 12939-13077 WM-GreedyScheduler      com.google.android.apps.messaging    D  Starting tracking for 99bad1a9-ebf9-4651-9693-557e5eea5a6f,113983b5-6418-4a5c-a8d0-904fc9b545e9,d2c0a244-ce5b-4fc7-ab17-9aa5f0999137
2025-10-25 10:08:09.426 12939-13105 BugleSimStateTracker    com.google.android.apps.messaging    I  Looking up Fi through package names.
2025-10-25 10:08:09.430 12939-13184 WM-Processor            com.google.android.apps.messaging    D  say: processing WorkGenerationalId(workSpecId=a8767df1-a43f-486c-bccf-9ca1bac6895c, generation=0)
2025-10-25 10:08:09.430 12939-13105 Bugle                   com.google.android.apps.messaging    I  CountryCodeDetector: updateSmsNetworkCountry from default subscription network country. detected country: us
2025-10-25 10:08:09.434 12939-13227 Forking                 com.google.android.apps.messaging    I  Starting analysis.
2025-10-25 10:08:09.434 12321-12321 BoundBrokerSvc          com.google.android.gms               D  onBind: Intent { act=com.google.android.gms.notifications.capping.api.NotificationsCappingApiService.START dat=chimera-action:/... xflg=0x4 cmp=com.google.android.gms/.chimera.GmsApiService }
2025-10-25 10:08:09.434 12321-12321 BoundBrokerSvc          com.google.android.gms               D  Loading bound service for intent: Intent { act=com.google.android.gms.notifications.capping.api.NotificationsCappingApiService.START dat=chimera-action:/... xflg=0x4 cmp=com.google.android.gms/.chimera.GmsApiService }
2025-10-25 10:08:09.434 12939-13227 Misthreading            com.google.android.apps.messaging    I  Starting analysis.
2025-10-25 10:08:09.435 12939-13105 RcsProvisioningFlow     com.google.android.apps.messaging    I  All newly built SimSubscriptionInfos: [(simId: redacted-pii:sim_id[chars:20,last3:897],
                                                                                                    subId: 1,
                                                                                                    simSlot: 0,
                                                                                                    imsi: redacted-pii:imsi[chars:15],
                                                                                                    phoneNumber: redacted-pii:phone_number[chars:12,last2:67],
                                                                                                    countryCode: US,
                                                                                                    networkOperatorName: T-Mobile,
                                                                                                    subscriptionGroupUuid: ,
                                                                                                    mcc: 310,
                                                                                                    mnc: 260,
                                                                                                    simCarrierId: 1,
                                                                                                    iccid: redacted-pii:sim_iccid[chars:20],
                                                                                                    isFi: false,
                                                                                                    loggableGuid: e26f5e72-77ca-4afe-9a69-13d752084520,
                                                                                                    formattedMsisdn: redacted-pii:phone_number[chars:12,last2:67],
                                                                                                    simOperatorName: T-Mobile,
                                                                                                    simOperator: 310260,
                                                                                                    groupIdLevel1: ,
                                                                                                    preferredSubscriptionName: T-Mobile)]
2025-10-25 10:08:09.437 12939-13105 RcsProvisioningFlow     com.google.android.apps.messaging    I  Storing updatedSimSubscriptionInfos: [(redacted-pii:sim_id[chars:20,last3:897], e26f5e72-77ca-4afe-9a69-13d752084520)]
2025-10-25 10:08:09.437 12939-14177 BugleRcsEngine          com.google.android.apps.messaging    I  Skipping writing subId because this is main bugle process. [CONTEXT log_prefix="(Sim)" thread_id=91 ]
2025-10-25 10:08:09.438 12939-14177 BugleRcsEngine          com.google.android.apps.messaging    I  Updated SIM info: currentSimId: redacted-pii:sim_id[chars:20,last3:897]; imsi: redacted-pii:imsi[chars:15]; rawMsisdn: redacted-pii:phone_number[chars:12,last2:67]; formattedMsisdn: redacted-pii:phone_number[chars:12,last2:67]; mccmnc: redacted-pii:sim_operator[chars:6]; gid1: redacted-pii:sim_gid[chars:0]; isFiDevice: false; subId: 1; slotIndex: 0 [CONTEXT log_prefix="(Sim)" thread_id=91 ]
2025-10-25 10:08:09.438 12939-13105 RcsProvisioningFlow     com.google.android.apps.messaging    I  Handling SIM loaded event for all SIMs on first update: [(redacted-pii[20-chars], e26f5e72-77ca-4afe-9a69-13d752084520)]
2025-10-25 10:08:09.439 12939-13184 WM-GreedyScheduler      com.google.android.apps.messaging    D  Ignoring {WorkSpec: 26863b73-1383-4214-8a0d-0b7c4aa7161c}. Requires device idle.
2025-10-25 10:08:09.439 12939-13184 WM-GreedyScheduler      com.google.android.apps.messaging    D  Ignoring {WorkSpec: 36209197-4519-47b1-ad23-f84efc6c7250}. Requires device idle.
2025-10-25 10:08:09.439 12939-13184 WM-GreedyScheduler      com.google.android.apps.messaging    D  Ignoring {WorkSpec: 9066a084-2879-49d1-a38f-6d95cd14db87}. Requires device idle.
2025-10-25 10:08:09.439 12939-13184 WM-GreedyScheduler      com.google.android.apps.messaging    D  Ignoring {WorkSpec: 4ba511f9-2081-438a-9b63-5137bee3bb41}. Requires device idle.
2025-10-25 10:08:09.442 12939-14177 BugleRcsEngine          com.google.android.apps.messaging    I  Handling SIM_LOADED in PhoneSimsStateUpdater. [CONTEXT log_prefix="(Sim)" thread_id=91 ]
2025-10-25 10:08:09.443 12939-13084 RcsProvisioningFlow     com.google.android.apps.messaging    I  EVENT_TYPE_SIM_STATE_UPDATE_SCHEDULED logging skipped for redacted-pii:sim_id[chars:20,last3:897] because an active flow already exists.
2025-10-25 10:08:09.444 12939-13184 WM-GreedyScheduler      com.google.android.apps.messaging    D  Starting tracking for 99bad1a9-ebf9-4651-9693-557e5eea5a6f,113983b5-6418-4a5c-a8d0-904fc9b545e9,d2c0a244-ce5b-4fc7-ab17-9aa5f0999137
2025-10-25 10:08:09.445 12939-13184 MddListena...kerFactory com.google.android.apps.messaging    D  createWorker for class: com.google.android.apps.messaging.shared.datamodel.workqueue.WorkQueueWorkerShim
2025-10-25 10:08:09.447 12939-12939 WM-WorkerWrapper        com.google.android.apps.messaging    D  Starting work for com.google.android.apps.messaging.shared.datamodel.workqueue.WorkQueueWorkerShim
2025-10-25 10:08:09.450 12939-13183 RcsProvisioningFlow     com.google.android.apps.messaging    I  Handling SIM state update work request for 3 with updateTrigger 6, scheduledAt 2025-10-25T14:08:09.390Z.
2025-10-25 10:08:09.450 12939-13183 RcsProvisioningFlow     com.google.android.apps.messaging    I  Beginning update task for phone SIMs state scheduledAt: 2025-10-25T14:08:09.390Z
2025-10-25 10:08:09.450 12939-13077 BugleNetwork            com.google.android.apps.messaging    I  FirebaseRegistrationStartupTask: Enabling Firebase component
2025-10-25 10:08:09.463 12939-13268 WM-GreedyScheduler      com.google.android.apps.messaging    D  Ignoring {WorkSpec: 26863b73-1383-4214-8a0d-0b7c4aa7161c}. Requires device idle.
2025-10-25 10:08:09.463 12939-13268 WM-GreedyScheduler      com.google.android.apps.messaging    D  Ignoring {WorkSpec: 36209197-4519-47b1-ad23-f84efc6c7250}. Requires device idle.
2025-10-25 10:08:09.463 12939-13268 WM-GreedyScheduler      com.google.android.apps.messaging    D  Ignoring {WorkSpec: 9066a084-2879-49d1-a38f-6d95cd14db87}. Requires device idle.
2025-10-25 10:08:09.463 12939-13268 WM-GreedyScheduler      com.google.android.apps.messaging    D  Ignoring {WorkSpec: 4ba511f9-2081-438a-9b63-5137bee3bb41}. Requires device idle.
2025-10-25 10:08:09.463 12939-13268 WM-GreedyScheduler      com.google.android.apps.messaging    D  Starting tracking for 99bad1a9-ebf9-4651-9693-557e5eea5a6f,113983b5-6418-4a5c-a8d0-904fc9b545e9,d2c0a244-ce5b-4fc7-ab17-9aa5f0999137
2025-10-25 10:08:09.466 11710-13506 .gms.persistent         com.google.android.gms.persistent    I  AssetManager2(0xb400007a5a1aef18) locale list changing from [] to [en-US]
2025-10-25 10:08:09.466 12939-13084 Bugle                   com.google.android.apps.messaging    I  RcsAvailabilityUtilForProvisioningEngineV2: updateAvailabilityForAllSimsAsync, hint: NO_HINT
2025-10-25 10:08:09.466 12939-13084 BugleRcsProvisioning    com.google.android.apps.messaging    I  updateAvailabilityForAllSimsAsync: scheduling updateAvailabilityForRcsProvisioningId call. Hint: NO_HINT, enableWelcomePopupWithoutGoogleTos: false, reshowSuccessPopup: false
2025-10-25 10:08:09.466 12939-13077 BugleRcsProvisioning    com.google.android.apps.messaging    I  updateRcsAvailabilityForMultipleSims: hint: NO_HINT, canReshowWelcomeMessage: false
2025-10-25 10:08:09.472 11710-11710 BoundBrokerSvc          com.google.android.gms.persistent    D  onRebind: Intent { act=com.google.android.gms.common.telemetry.service.START dat=chimera-action:/... xflg=0x4 cmp=com.google.android.gms/.chimera.PersistentApiService }
2025-10-25 10:08:09.473 12939-13077 BugleRcsEngine          com.google.android.apps.messaging    I  [SR]: Single Registration is disabled. Skipping Single Registration capability check for subId: 1, OS.isAtLeastS:[true], enableSingleRegistrationProvisioning:[false] [CONTEXT thread_id=49 ]
2025-10-25 10:08:09.473 12939-13238 MobileConfigurationApi  com.google.android.apps.messaging    I  registerParameters successfully stored 4 parameters
2025-10-25 10:08:09.474 12939-13267 WM-GreedyScheduler      com.google.android.apps.messaging    D  Ignoring {WorkSpec: 26863b73-1383-4214-8a0d-0b7c4aa7161c}. Requires device idle.
2025-10-25 10:08:09.474 12939-13267 WM-GreedyScheduler      com.google.android.apps.messaging    D  Ignoring {WorkSpec: 36209197-4519-47b1-ad23-f84efc6c7250}. Requires device idle.
2025-10-25 10:08:09.474 12939-13267 WM-GreedyScheduler      com.google.android.apps.messaging    D  Ignoring {WorkSpec: 9066a084-2879-49d1-a38f-6d95cd14db87}. Requires device idle.
2025-10-25 10:08:09.474 12939-13267 WM-GreedyScheduler      com.google.android.apps.messaging    D  Ignoring {WorkSpec: 4ba511f9-2081-438a-9b63-5137bee3bb41}. Requires device idle.
2025-10-25 10:08:09.474 12939-13267 WM-GreedyScheduler      com.google.android.apps.messaging    D  Starting tracking for 99bad1a9-ebf9-4651-9693-557e5eea5a6f,113983b5-6418-4a5c-a8d0-904fc9b545e9,d2c0a244-ce5b-4fc7-ab17-9aa5f0999137
2025-10-25 10:08:09.476 12939-13238 SyncScheduler           com.google.android.apps.messaging    I  scheduling sync for 0 seconds later, policy = KEEP
2025-10-25 10:08:09.478 12939-13075 WM-GreedyScheduler      com.google.android.apps.messaging    D  Ignoring {WorkSpec: 26863b73-1383-4214-8a0d-0b7c4aa7161c}. Requires device idle.
2025-10-25 10:08:09.478 12939-13075 WM-GreedyScheduler      com.google.android.apps.messaging    D  Ignoring {WorkSpec: 36209197-4519-47b1-ad23-f84efc6c7250}. Requires device idle.
2025-10-25 10:08:09.478 12939-13075 WM-GreedyScheduler      com.google.android.apps.messaging    D  Ignoring {WorkSpec: 9066a084-2879-49d1-a38f-6d95cd14db87}. Requires device idle.
2025-10-25 10:08:09.478 12939-13075 WM-GreedyScheduler      com.google.android.apps.messaging    D  Ignoring {WorkSpec: 4ba511f9-2081-438a-9b63-5137bee3bb41}. Requires device idle.
2025-10-25 10:08:09.478 12939-13075 WM-GreedyScheduler      com.google.android.apps.messaging    D  Starting tracking for 99bad1a9-ebf9-4651-9693-557e5eea5a6f,113983b5-6418-4a5c-a8d0-904fc9b545e9,d2c0a244-ce5b-4fc7-ab17-9aa5f0999137
2025-10-25 10:08:09.478 12939-13105 BugleDataModel          com.google.android.apps.messaging    I  SubscriptionsTracker#refreshSelfParticipantList([1])
2025-10-25 10:08:09.479 12939-13077 BugleRcsEngine          com.google.android.apps.messaging    I  No RCS Configuration was found in Bugle for simID: redacted-pii:sim_id[chars:20,last3:897] [CONTEXT log_prefix="ProvisioningEngineDataRetriever" thread_id=49 ]
2025-10-25 10:08:09.480 12939-13077 BugleRcsProvisioning    com.google.android.apps.messaging    I  RcsAvailability configuration availability and enabled status: simId: redacted-pii:sim_id[chars:20,last3:897], SipConnectionType: DUAL_REG, isConfigurationAvailableAndEnabled: false
2025-10-25 10:08:09.480 12939-13077 BugleRcsProvisioning    com.google.android.apps.messaging    I  Checking isConfigServerUrlAvailable with simId: redacted-pii:sim_id[chars:20,last3:897], 
2025-10-25 10:08:09.480 12939-13077 BugleRcsEngine          com.google.android.apps.messaging    I  getConfigServerUrl with simId: redacted-pii:sim_id[chars:20,last3:897] [CONTEXT log_prefix="ProvisioningServerUtil" thread_id=49 ]
2025-10-25 10:08:09.481 12939-13077 BugleRcsEngine          com.google.android.apps.messaging    I  Using config server URL from cibt [CONTEXT log_prefix="ProvisioningServerUtil" thread_id=49 ]
2025-10-25 10:08:09.482 12939-13267 BugleRcsEngine          com.google.android.apps.messaging    W  Unable to send RCS extension log [CONTEXT thread_id=84 ]
2025-10-25 10:08:09.483 12939-13077 BugleRcsProvisioning    com.google.android.apps.messaging    I  RcsAvailability: Subscription Id: 1, simId: redacted-pii:sim_id[chars:20,last3:897], sipConnectionType: DUAL_REG, isRcsAvailable: false
2025-10-25 10:08:09.483 12939-13077 BugleRcsEngine          com.google.android.apps.messaging    I  No RCS Configuration was found in Bugle for simID: redacted-pii:sim_id[chars:20,last3:897] [CONTEXT log_prefix="ProvisioningEngineDataRetriever" thread_id=49 ]
2025-10-25 10:08:09.483 12939-13077 BugleRcsProvisioning    com.google.android.apps.messaging    I  updateAvailabilityForRcsProvisioningId. SimId: redacted-pii:sim_id[chars:20,last3:897], currentAvailability: 10, newAvailability: 10, hint: NO_HINT
2025-10-25 10:08:09.483 12939-13105 Bugle                   com.google.android.apps.messaging    I  CountryCodeDetector: updateSmsNetworkCountry from default subscription network country. detected country: us
2025-10-25 10:08:09.484 12939-13267 BugleRcsProvisioning    com.google.android.apps.messaging    I  RcsProvisioningTrigger: onRcsAvailabilityUpdate : availability is updated to Carrier RCS is not set up, lastAvailabilityLocal is Carrier RCS is not set up, simId hash = -5128551928332757074, simId = redacted-pii:sim_id[chars:20,last3:897], isPev3Enabled = true
2025-10-25 10:08:09.484 11710-11799 BpBinder                com.google.android.gms.persistent    W  Large outgoing transaction of 453620 bytes, interface descriptor , code 4 was sent
2025-10-25 10:08:09.495 12939-13181 nativeloader            com.google.android.apps.messaging    D  Load /data/app/~~t5NyXmQKyTedo_QZzflavA==/com.google.android.apps.messaging-s98SGQNHA3qWt-EFkiKplw==/split_config.arm64_v8a.apk!/lib/arm64-v8a/libscytale_v2_jni.so using class loader ns clns-10 (caller=/data/app/~~t5NyXmQKyTedo_QZzflavA==/com.google.android.apps.messaging-s98SGQNHA3qWt-EFkiKplw==/base.apk!classes3.dex): ok
2025-10-25 10:08:09.503 12939-13075 BugleRcsProvisioning    com.google.android.apps.messaging    I  BugleSystemBindingManager: onBuglePhenotypeFlagChanged
2025-10-25 10:08:09.504 12939-13267 BugleRcsEngine          com.google.android.apps.messaging    W  Unable to send diagnostic log [CONTEXT thread_id=84 ]
2025-10-25 10:08:09.504 12939-13238 BugleTransport          com.google.android.apps.messaging    I  Retrieved RCS available simIds: []
2025-10-25 10:08:09.504 12939-13267 BugleTransport          com.google.android.apps.messaging    I  Deregister all SIMs except for SIMs with subIds: [] from chat transport: SINGLE_REGISTRATION.
2025-10-25 10:08:09.504 12939-13268 BugleTransport          com.google.android.apps.messaging    I  Deregister all SIMs except for SIMs with subIds: [] from chat transport: TACHYGRAM.
2025-10-25 10:08:09.504 12939-13052 BugleRcsEngine          com.google.android.apps.messaging    I  SystemBinding enabled: true [CONTEXT log_prefix="SystemBindingManager" thread_id=42 ]
2025-10-25 10:08:09.504 12939-13052 BugleRcsEngine          com.google.android.apps.messaging    I  System Binding updated [CONTEXT thread_id=42 ]
2025-10-25 10:08:09.504 12939-13267 BugleRcsEngine          com.google.android.apps.messaging    W  Unable to send diagnostic log [CONTEXT thread_id=84 ]
2025-10-25 10:08:09.505 12939-13183 BugleTransport          com.google.android.apps.messaging    I  Deregister all SIMs except for SIMs with subIds: [] from chat transport: DUAL_REGISTRATION.
2025-10-25 10:08:09.507 12939-13054 BugleRcsProvisioning    com.google.android.apps.messaging    I  RcsProvisioningTrigger: onCsLibPhenotypeUpdated, enableProvisioningTaskInBugle = true
2025-10-25 10:08:09.507 12939-13054 BugleRcsProvisioning    com.google.android.apps.messaging    I  RcsProvisioningTrigger: updateAvailabilityForAllSimsAsync : hint = CSLIB_PHENOTYPE_UPDATE logTriggerEvent = true
2025-10-25 10:08:09.508 12939-13054 Bugle                   com.google.android.apps.messaging    I  RcsAvailabilityUtilForProvisioningEngineV2: updateAvailabilityForAllSimsAsync, hint: CSLIB_PHENOTYPE_UPDATE
2025-10-25 10:08:09.508 12939-13054 BugleRcsProvisioning    com.google.android.apps.messaging    I  updateAvailabilityForAllSimsAsync: scheduling updateAvailabilityForRcsProvisioningId call. Hint: CSLIB_PHENOTYPE_UPDATE, enableWelcomePopupWithoutGoogleTos: false, reshowSuccessPopup: false
2025-10-25 10:08:09.508 12939-13054 Bugle                   com.google.android.apps.messaging    I  RcsAvailabilityUtilForProvisioningEngineV2: onCsLibPhenotypeUpdated
2025-10-25 10:08:09.511 12939-13079 BugleRcsEngine          com.google.android.apps.messaging    I  SystemBinding enabled: true [CONTEXT log_prefix="SystemBindingManager" thread_id=51 ]
2025-10-25 10:08:09.512 12939-13268 BugleRcsEngine          com.google.android.apps.messaging    W  Unable to send diagnostic log [CONTEXT thread_id=85 ]
2025-10-25 10:08:09.512 12939-13052 BugleRcsEngine          com.google.android.apps.messaging    I  SystemBinding enabled: true [CONTEXT log_prefix="SystemBindingManager" thread_id=42 ]
2025-10-25 10:08:09.512 12939-13267 BugleRcsProvisioning    com.google.android.apps.messaging    I  updateRcsAvailabilityForMultipleSims: hint: CSLIB_PHENOTYPE_UPDATE, canReshowWelcomeMessage: false
2025-10-25 10:08:09.512 12939-13077 BugleRcsEngine          com.google.android.apps.messaging    W  Unable to send diagnostic log [CONTEXT thread_id=49 ]
2025-10-25 10:08:09.513 12939-13057 BugleRcsEngine          com.google.android.apps.messaging    I  System Binding updated [CONTEXT thread_id=44 ]
2025-10-25 10:08:09.517 12939-13105 BugleSelfIdentity       com.google.android.apps.messaging    I  Phone number for MyIdentity d9ba80fe-5b20-4b8b-9cfd-e796b0133184 does not change [CONTEXT sub_id=1 icc_id="redacted-pii[20-chars]" messaging_identity="redacted-pii[12-chars]" rcs_provisioning_id="redacted-pii[20-chars]" ]
2025-10-25 10:08:09.518 12939-13182 BugleRcsEngine          com.google.android.apps.messaging    W  Unable to send diagnostic log [CONTEXT thread_id=66 ]
2025-10-25 10:08:09.519 12939-13052 BugleRcsEngine          com.google.android.apps.messaging    I  System Binding updated [CONTEXT thread_id=42 ]
2025-10-25 10:08:09.519 12939-13148 RcsClientLib            com.google.android.apps.messaging    I  Service is deprecated skipping connection attempt: RcsEngineLifecycleServiceV2
2025-10-25 10:08:09.520 12939-13227 BugleRcsJibe            com.google.android.apps.messaging    I  RcsServiceConnectionException was raised while waiting to connect to RcsEngineLifecycleServiceV2
2025-10-25 10:08:09.522 12939-13267 BugleRcsEngine          com.google.android.apps.messaging    I  [SR]: Single Registration is disabled. Skipping Single Registration capability check for subId: 1, OS.isAtLeastS:[true], enableSingleRegistrationProvisioning:[false] [CONTEXT thread_id=84 ]
2025-10-25 10:08:09.523 12939-13267 BugleRcsEngine          com.google.android.apps.messaging    I  No RCS Configuration was found in Bugle for simID: redacted-pii:sim_id[chars:20,last3:897] [CONTEXT log_prefix="ProvisioningEngineDataRetriever" thread_id=84 ]
2025-10-25 10:08:09.523 12939-13267 BugleRcsProvisioning    com.google.android.apps.messaging    I  RcsAvailability configuration availability and enabled status: simId: redacted-pii:sim_id[chars:20,last3:897], SipConnectionType: DUAL_REG, isConfigurationAvailableAndEnabled: false
2025-10-25 10:08:09.523 12939-13267 BugleRcsProvisioning    com.google.android.apps.messaging    I  Checking isConfigServerUrlAvailable with simId: redacted-pii:sim_id[chars:20,last3:897], 
2025-10-25 10:08:09.523 12939-13267 BugleRcsEngine          com.google.android.apps.messaging    I  getConfigServerUrl with simId: redacted-pii:sim_id[chars:20,last3:897] [CONTEXT log_prefix="ProvisioningServerUtil" thread_id=84 ]
2025-10-25 10:08:09.523 12939-13238 BugleRcsEngine          com.google.android.apps.messaging    W  Unable to send diagnostic log [CONTEXT thread_id=82 ]
2025-10-25 10:08:09.523 12939-13181 BugleE2eeEtouffee       com.google.android.apps.messaging    W  E2eeStartupTask: No identities to perform prekey checking for.
2025-10-25 10:08:09.523 12939-13267 BugleRcsEngine          com.google.android.apps.messaging    I  Using config server URL from cibt [CONTEXT log_prefix="ProvisioningServerUtil" thread_id=84 ]
2025-10-25 10:08:09.524 12939-13267 BugleRcsProvisioning    com.google.android.apps.messaging    I  RcsAvailability: Subscription Id: 1, simId: redacted-pii:sim_id[chars:20,last3:897], sipConnectionType: DUAL_REG, isRcsAvailable: false
2025-10-25 10:08:09.524 12939-13267 BugleRcsEngine          com.google.android.apps.messaging    I  No RCS Configuration was found in Bugle for simID: redacted-pii:sim_id[chars:20,last3:897] [CONTEXT log_prefix="ProvisioningEngineDataRetriever" thread_id=84 ]
2025-10-25 10:08:09.524 12939-13267 BugleRcsProvisioning    com.google.android.apps.messaging    I  updateAvailabilityForRcsProvisioningId. SimId: redacted-pii:sim_id[chars:20,last3:897], currentAvailability: 10, newAvailability: 10, hint: CSLIB_PHENOTYPE_UPDATE
2025-10-25 10:08:09.525 12939-13148 BugleRcsProvisioning    com.google.android.apps.messaging    I  scheduleProvisioningForEligibleSims
2025-10-25 10:08:09.525 12939-13267 cpcg                    com.google.android.apps.messaging    I  scheduleProvisioningForEligibleSims: operationTrigger: 2 bugle trigger event: 9
2025-10-25 10:08:09.525 12939-13267 cpcg                    com.google.android.apps.messaging    I  scheduleProvisioningForAllEligibleSims: operationTrigger: 2 bugle trigger event: 9
2025-10-25 10:08:09.525 12939-13148 BugleRcsProvisioning    com.google.android.apps.messaging    I  RcsProvisioningTrigger: onRcsAvailabilityUpdate : availability is updated to Carrier RCS is not set up, lastAvailabilityLocal is Carrier RCS is not set up, simId hash = -5128551928332757074, simId = redacted-pii:sim_id[chars:20,last3:897], isPev3Enabled = true
2025-10-25 10:08:09.526 12939-13238 cpcg                    com.google.android.apps.messaging    I  scheduleProvisioningForRcsProvisioningId: rcsProvisioningId: redacted-pii:sim_id[chars:20,last3:897] operationTrigger: 2 bugle trigger event: 9
2025-10-25 10:08:09.526 12939-13238 BugleRcsEngine          com.google.android.apps.messaging    I  [SR]: Single Registration is disabled. Skipping Single Registration capability check for subId: 1, OS.isAtLeastS:[true], enableSingleRegistrationProvisioning:[false] [CONTEXT thread_id=82 ]
2025-10-25 10:08:09.526 12939-13238 cpcg                    com.google.android.apps.messaging    I  RcsProvisioningTrigger: DR is active, initializing DR provisioning. DUAL_REG
2025-10-25 10:08:09.526 12939-13267 BugleRcsEngine          com.google.android.apps.messaging    I  [SR]: Single Registration is disabled. Skipping Single Registration capability check for subId: 1, OS.isAtLeastS:[true], enableSingleRegistrationProvisioning:[false] [CONTEXT thread_id=84 ]
2025-10-25 10:08:09.526 12939-13148 BugleClearcutLogger     com.google.android.apps.messaging    I  qosTierResolver for LOG_SPEC_TRIGGER_EVENT_WHEN_CARRIER_SETUP_PENDING is null. Using DEFAULT QoS tier as there's no specific QoS configuration for this log spec.
2025-10-25 10:08:09.528 12939-13267 BugleRcsEngine          com.google.android.apps.messaging    I  No RCS Configuration was found in Bugle for simID: redacted-pii:sim_id[chars:20,last3:897] [CONTEXT log_prefix="ProvisioningEngineDataRetriever" thread_id=84 ]
2025-10-25 10:08:09.528 12939-13105 BugleDataModel          com.google.android.apps.messaging    I  SubscriptionsTracker bindToTrackingMap bound participants: [ParticipantId=1 subId=-1, ParticipantId=2 subId=1]
2025-10-25 10:08:09.528 12939-13105 BugleDataModel          com.google.android.apps.messaging    I  set orderedRowIdAndTokenPairs: [rowId=2 subId= 1 token=d9ba80fe-5b20-4b8b-9cfd-e796b0133184, rowId=1 subId= -1 token=577d7cf4-0f4e-47e8-bca9-0fea17fe8bd4]
2025-10-25 10:08:09.531 12939-13267 RcsProvisioningWorkMana com.google.android.apps.messaging    I  Scheduled provisioning task with 0 seconds delay, KEEP policy, trigger is CSLIB_PHENOTYPE_UPDATE, workerId is 7e77d471-0600-49d2-b68c-4bd836eaecde, simId is redacted-pii:sim_id[chars:20,last3:897]
2025-10-25 10:08:09.531 12939-13227 RcsProvisioningFlow     com.google.android.apps.messaging    I  EVENT_TYPE_PROVISIONING_TASK_SCHEDULED logging skipped for redacted-pii:sim_id[chars:20,last3:897] because of NOT_ELIGIBLE_PREVIOUS_EVENT_NOT_LOGGED
2025-10-25 10:08:09.532 12939-13227 BugleDataModel          com.google.android.apps.messaging    I  4 not running because already up to date, upgradeCommand: EXECUTE_UPGRADE, version: 1
2025-10-25 10:08:09.533 12939-13267 WM-GreedyScheduler      com.google.android.apps.messaging    D  Ignoring {WorkSpec: 26863b73-1383-4214-8a0d-0b7c4aa7161c}. Requires device idle.
2025-10-25 10:08:09.533 12939-13267 WM-GreedyScheduler      com.google.android.apps.messaging    D  Ignoring {WorkSpec: 36209197-4519-47b1-ad23-f84efc6c7250}. Requires device idle.
2025-10-25 10:08:09.533 12939-13267 WM-GreedyScheduler      com.google.android.apps.messaging    D  Ignoring {WorkSpec: 9066a084-2879-49d1-a38f-6d95cd14db87}. Requires device idle.
2025-10-25 10:08:09.533 12939-13267 WM-GreedyScheduler      com.google.android.apps.messaging    D  Ignoring {WorkSpec: 4ba511f9-2081-438a-9b63-5137bee3bb41}. Requires device idle.
2025-10-25 10:08:09.533 12939-13267 WM-GreedyScheduler      com.google.android.apps.messaging    D  Starting work for ff85353d-8794-4b8e-ac02-bab64a07cfbc
2025-10-25 10:08:09.533 12939-13267 WM-GreedyScheduler      com.google.android.apps.messaging    D  Starting tracking for 99bad1a9-ebf9-4651-9693-557e5eea5a6f,113983b5-6418-4a5c-a8d0-904fc9b545e9,d2c0a244-ce5b-4fc7-ab17-9aa5f0999137
2025-10-25 10:08:09.533 12939-13105 BugleSelfIdentity       com.google.android.apps.messaging    I  Phone number for MyIdentity d9ba80fe-5b20-4b8b-9cfd-e796b0133184 does not change [CONTEXT sub_id=1 icc_id="redacted-pii[20-chars]" messaging_identity="redacted-pii[12-chars]" rcs_provisioning_id="redacted-pii[20-chars]" ]
2025-10-25 10:08:09.534 12939-13075 BugleSatellite          com.google.android.apps.messaging    I  Processing Phenotype flag changes.
2025-10-25 10:08:09.534 12939-13084 BugleDataModel          com.google.android.apps.messaging    I  3 not running because already up to date, upgradeCommand: EXECUTE_UPGRADE, version: 2
2025-10-25 10:08:09.534 12939-13267 BugleSatellite          com.google.android.apps.messaging    I  Reporting to Telephony: SMS supported = true
2025-10-25 10:08:09.534 12939-13075 WM-Processor            com.google.android.apps.messaging    D  say: processing WorkGenerationalId(workSpecId=ff85353d-8794-4b8e-ac02-bab64a07cfbc, generation=0)
2025-10-25 10:08:09.535 12939-13084 BugleDataModel          com.google.android.apps.messaging    I  2 not running because already up to date, upgradeCommand: EXECUTE_UPGRADE, version: 2
2025-10-25 10:08:09.536 12939-13238 MddListena...kerFactory com.google.android.apps.messaging    D  createWorker for class: com.google.android.apps.messaging.shared.datamodel.workqueue.WorkQueueWorkerShim
2025-10-25 10:08:09.536 12939-13267 RcsProvisioningFlow     com.google.android.apps.messaging    I  Lock acquired for updatng phone SIMs state with update trigger: 6.
2025-10-25 10:08:09.536 12939-13267 BugleSimStateTracker    com.google.android.apps.messaging    I  default call SIM: redacted-pii:sim_id[chars:20,last3:897], default sms SIM redacted-pii:sim_id[chars:20,last3:897]. default data SIM redacted-pii:sim_id[chars:20,last3:897].
2025-10-25 10:08:09.536 12939-12939 WM-WorkerWrapper        com.google.android.apps.messaging    D  Starting work for com.google.android.apps.messaging.shared.datamodel.workqueue.WorkQueueWorkerShim
2025-10-25 10:08:09.538 12939-13181 WM-WorkerWrapper        com.google.android.apps.messaging    I  Worker result SUCCESS for Work [ id=ff85353d-8794-4b8e-ac02-bab64a07cfbc, tags={ com.google.android.apps.messaging.shared.datamodel.workqueue.WorkQueueWorkerShim,data_upgrade- } ]
2025-10-25 10:08:09.539 12939-13267 BugleSimStateTracker    com.google.android.apps.messaging    I  Is carrier config for identified carrier: true
2025-10-25 10:08:09.539 12939-12939 WM-Processor            com.google.android.apps.messaging    D  say ff85353d-8794-4b8e-ac02-bab64a07cfbc executed; reschedule = false
2025-10-25 10:08:09.543 12939-13238 WM-GreedyScheduler      com.google.android.apps.messaging    D  Cancelling work ID ff85353d-8794-4b8e-ac02-bab64a07cfbc
2025-10-25 10:08:09.544 12939-13267 BugleSimStateTracker    com.google.android.apps.messaging    I  Looking up Fi through package names.
2025-10-25 10:08:09.547 12939-13238 WM-GreedyScheduler      com.google.android.apps.messaging    D  Ignoring {WorkSpec: 26863b73-1383-4214-8a0d-0b7c4aa7161c}. Requires device idle.
2025-10-25 10:08:09.547 12939-13238 WM-GreedyScheduler      com.google.android.apps.messaging    D  Ignoring {WorkSpec: 36209197-4519-47b1-ad23-f84efc6c7250}. Requires device idle.
2025-10-25 10:08:09.547 12939-13238 WM-GreedyScheduler      com.google.android.apps.messaging    D  Ignoring {WorkSpec: 9066a084-2879-49d1-a38f-6d95cd14db87}. Requires device idle.
2025-10-25 10:08:09.547 12939-13238 WM-GreedyScheduler      com.google.android.apps.messaging    D  Ignoring {WorkSpec: 4ba511f9-2081-438a-9b63-5137bee3bb41}. Requires device idle.
2025-10-25 10:08:09.547 12939-13238 WM-GreedyScheduler      com.google.android.apps.messaging    D  Starting tracking for 99bad1a9-ebf9-4651-9693-557e5eea5a6f,113983b5-6418-4a5c-a8d0-904fc9b545e9,d2c0a244-ce5b-4fc7-ab17-9aa5f0999137
2025-10-25 10:08:09.549 12939-13267 RcsProvisioningFlow     com.google.android.apps.messaging    I  All newly built SimSubscriptionInfos: [(simId: redacted-pii:sim_id[chars:20,last3:897],
                                                                                                    subId: 1,
                                                                                                    simSlot: 0,
                                                                                                    imsi: redacted-pii:imsi[chars:15],
                                                                                                    phoneNumber: redacted-pii:phone_number[chars:12,last2:67],
                                                                                                    countryCode: US,
                                                                                                    networkOperatorName: T-Mobile,
                                                                                                    subscriptionGroupUuid: ,
                                                                                                    mcc: 310,
                                                                                                    mnc: 260,
                                                                                                    simCarrierId: 1,
                                                                                                    iccid: redacted-pii:sim_iccid[chars:20],
                                                                                                    isFi: false,
                                                                                                    loggableGuid: e26f5e72-77ca-4afe-9a69-13d752084520,
                                                                                                    formattedMsisdn: redacted-pii:phone_number[chars:12,last2:67],
                                                                                                    simOperatorName: T-Mobile,
                                                                                                    simOperator: 310260,
                                                                                                    groupIdLevel1: ,
                                                                                                    preferredSubscriptionName: T-Mobile)]
2025-10-25 10:08:09.550 12939-13267 RcsProvisioningFlow     com.google.android.apps.messaging    I  Storing updatedSimSubscriptionInfos: [(redacted-pii:sim_id[chars:20,last3:897], e26f5e72-77ca-4afe-9a69-13d752084520)]
2025-10-25 10:08:09.550 12939-13267 RcsProvisioningFlow     com.google.android.apps.messaging    I  No newly loaded SIMs on phone sim state update.
2025-10-25 10:08:09.551 12939-13181 WM-WorkerWrapper        com.google.android.apps.messaging    I  Worker result SUCCESS for Work [ id=a8767df1-a43f-486c-bccf-9ca1bac6895c, tags={ com.google.android.apps.messaging.shared.datamodel.workqueue.WorkQueueWorkerShim,sim_state_update_queue-WORK_TYPE_UPDATE_PHONE_SIMS_STATE } ]
2025-10-25 10:08:09.551 12939-12939 WM-Processor            com.google.android.apps.messaging    D  say a8767df1-a43f-486c-bccf-9ca1bac6895c executed; reschedule = false
2025-10-25 10:08:09.552 12939-13181 WM-GreedyScheduler      com.google.android.apps.messaging    D  Cancelling work ID a8767df1-a43f-486c-bccf-9ca1bac6895c
2025-10-25 10:08:09.553 12939-13181 WM-GreedyScheduler      com.google.android.apps.messaging    D  Ignoring {WorkSpec: 26863b73-1383-4214-8a0d-0b7c4aa7161c}. Requires device idle.
2025-10-25 10:08:09.553 12939-13181 WM-GreedyScheduler      com.google.android.apps.messaging    D  Ignoring {WorkSpec: 36209197-4519-47b1-ad23-f84efc6c7250}. Requires device idle.
2025-10-25 10:08:09.553 12939-13181 WM-GreedyScheduler      com.google.android.apps.messaging    D  Ignoring {WorkSpec: 9066a084-2879-49d1-a38f-6d95cd14db87}. Requires device idle.
2025-10-25 10:08:09.553 12939-13181 WM-GreedyScheduler      com.google.android.apps.messaging    D  Ignoring {WorkSpec: 4ba511f9-2081-438a-9b63-5137bee3bb41}. Requires device idle.
